This is a test string for writing to a file.